test9.in   1   0 name       'import'
test9.in   1   7 name       'sys'
test9.in   1  10 newline    ''
test9.in   5   0 name       'def'
test9.in   5   4 name       'gcd'
test9.in   5   7 (          '('
test9.in   5   8 name       'x'
test9.in   5   9 ,          ','
test9.in   5  11 name       'y'
test9.in   5  12 )          ')'
test9.in   5  13 :          ':'
test9.in   5  14 newline    ''
test9.in   6   0 INDENT     ''
test9.in   6   2 name       'while'
test9.in   6   8 name       'x'
test9.in   6  10 <>         '<>'
test9.in   6  13 name       'y'
test9.in   6  14 :          ':'
test9.in   6  15 newline    ''
test9.in   7   0 INDENT     ''
test9.in   7   4 name       'if'
test9.in   7   7 name       'x'
test9.in   7   9 >          '>'
test9.in   7  11 name       'y'
test9.in   7  12 :          ':'
test9.in   7  44 newline    ''
test9.in   8   0 INDENT     ''
test9.in   8   6 name       'print'
test9.in   8  12 string     '"x is bigger"'
test9.in   8  25 newline    ''
test9.in   9   6 name       'x'
test9.in   9   8 =          '='
test9.in   9  10 name       'x'
test9.in   9  12 -          '-'
test9.in   9  14 name       'y'
test9.in   9  15 newline    ''
test9.in  11   0 DEDENT     ''
test9.in  11   4 name       'else'
test9.in  11   8 :          ':'
test9.in  11   9 newline    ''
test9.in  13   0 INDENT     ''
test9.in  13   6 name       'print'
test9.in  13  12 string     '"y is bigger"'
test9.in  13  25 newline    ''
test9.in  14   6 name       'y'
test9.in  14   8 =          '='
test9.in  14  10 name       'y'
test9.in  14  12 -          '-'
test9.in  14  14 name       'x'
test9.in  14  15 newline    ''
test9.in  15   0 DEDENT     ''
test9.in  15   0 DEDENT     ''
test9.in  15   2 name       'return'
test9.in  15   9 name       'x'
test9.in  15  10 newline    ''
test9.in  17   0 DEDENT     ''
test9.in  17   0 name       'def'
test9.in  17   4 name       'go'
test9.in  17   6 (          '('
test9.in  17   7 )          ')'
test9.in  17   8 :          ':'
test9.in  17   9 newline    ''
test9.in  18   0 INDENT     ''
test9.in  18   2 name       'for'
test9.in  18   6 name       'x'
test9.in  18   7 ,          ','
test9.in  18   9 name       'y'
test9.in  18  11 name       'in'
test9.in  18  14 [          '['
test9.in  18  15 (          '('
test9.in  18  16 number     '12'
test9.in  18  18 ,          ','
test9.in  18  19 number     '20'
test9.in  18  21 )          ')'
test9.in  18  22 ,          ','
test9.in  18  24 (          '('
test9.in  18  25 number     '37'
test9.in  18  27 ,          ','
test9.in  18  28 number     '18'
test9.in  18  30 )          ')'
test9.in  18  31 ,          ','
test9.in  18  33 (          '('
test9.in  18  34 number     '2'
test9.in  18  35 ,          ','
test9.in  18  37 number     '54'
test9.in  18  39 )          ')'
test9.in  18  40 ]          ']'
test9.in  18  41 :          ':'
test9.in  18  42 newline    ''
test9.in  19   0 INDENT     ''
test9.in  19   4 name       'print'
test9.in  19  10 name       'gcd'
test9.in  20   6 (          '('
test9.in  20   7 name       'x'
test9.in  20   8 ,          ','
test9.in  20  10 name       'y'
test9.in  20  11 )          ')'
test9.in  20  12 newline    ''
test9.in  23   0 DEDENT     ''
test9.in  23   0 DEDENT     ''
test9.in  23   0 None       ''
